// Jest Snapshot v1, https://goo.gl/fbAQLP

exports[`Группа тестов. Проверка блока app 1`] = `""`;
